// Jest Snapshot v1, https://goo.gl/fbAQLP

exports[`Logout Component Test should render Logout component 1`] = `""`;
